[gardenchicperu.com/index.html]
[backblue.gif]
[fade.gif]
[index.html]
[gardenchicperu.com/imgs/banner/banner__item1.jpg]
[tracker.metricool.com/resources/be.js]
[gardenchicperu.com/_next/static/css/7cf9dab3e90c2680.css]
[gardenchicperu.com/_next/static/css/229b771bb45d0064.css]
[gardenchicperu.com/_next/static/chunks/polyfills-5cd94c89d3acac5f.js]
[gardenchicperu.com/_next/static/chunks/webpack-df4cf1c8d23aa877.js]
[gardenchicperu.com/_next/static/chunks/framework-5f4595e5518b5600.js]
[gardenchicperu.com/_next/static/chunks/main-81f4fb35f4507347.js]
[gardenchicperu.com/_next/static/chunks/719-04b7ff7ad013553d.js]
[gardenchicperu.com/_next/static/chunks/pages/_app-fb211a855fa0a009.js]
[gardenchicperu.com/_next/static/chunks/756-18b44100f085032f.js]
[gardenchicperu.com/_next/static/chunks/906-d384fbca5d2f9240.js]
[gardenchicperu.com/_next/static/chunks/pages/index-ca90af77c95568f3.js]
[gardenchicperu.com/_next/static/JzOvCTlCVlyHpNoSi-dCI/_buildManifest.js]
[gardenchicperu.com/_next/static/JzOvCTlCVlyHpNoSi-dCI/_ssgManifest.js]
[gardenchicperu.com/_next/static/JzOvCTlCVlyHpNoSi-dCI/_middlewareManifest.js]
[gardenchicperu.com/imgs/logos/HORIZONTAL.svg]
[gardenchicperu.com/nosotros.html]
[gardenchicperu.com/servicios.html]
[gardenchicperu.com/tienda.html]
[gardenchicperu.com/proyectos.html]
[gardenchicperu.com/blogs.html]
[gardenchicperu.com/contactos.html]
[gardenchicperu.com/imgs/banner/principal/08_VIVERO.jpg]
[gardenchicperu.com/imgs/banner/principal/01_CASACOR.jpg]
[gardenchicperu.com/_next/LOGO_BANNER_CASACOR6e46.png]
[gardenchicperu.com/imgs/banner/principal/02_PAISAJISMO.jpg]
[gardenchicperu.com/imgs/banner/principal/03_JARDIN_VERTICAL.png]
[gardenchicperu.com/imgs/banner/principal/04_MANTENIMIENTO.jpg]
[gardenchicperu.com/imgs/banner/principal/05_RIEGO_TECNIFICADO.jpg]
[gardenchicperu.com/imgs/banner/principal/06_TECHO_VERDE.jpg]
[gardenchicperu.com/imgs/banner/principal/07_IMPERMEABILIZACION.jpg]
[gardenchicperu.com/_next/IconViverod8b7.png]
[gardenchicperu.com/_next/IconPaisajismo1906.png]
[gardenchicperu.com/_next/IconJardinesVerticales80ba.png]
[gardenchicperu.com/_next/IconMantenimientoa0c4.png]
[gardenchicperu.com/_next/IconImpermeabilizacioonc3f2.png]
[gardenchicperu.com/_next/IconRiegoTexnificado278f.png]
[gardenchicperu.com/_next/IconTechosVerdes1b8f.png]
[gardenchicperu.com/_next/decameron0051.png]
[gardenchicperu.com/_next/Ay4e40.png]
[gardenchicperu.com/_next/BACKUS6db2.png]
[gardenchicperu.com/_next/BRITANICOf06e.png]
[gardenchicperu.com/_next/ENGIE7f96.png]
[gardenchicperu.com/_next/EXALMARe62a.png]
[gardenchicperu.com/_next/LEGADO1559.png]
[gardenchicperu.com/_next/MEGALABSf6ae.png]
[gardenchicperu.com/_next/PIONERO36d5.png]
[gardenchicperu.com/_next/RANSA7138.png]
[gardenchicperu.com/_next/SOLEd028.png]
[gardenchicperu.com/_next/VyV9dec.png]
[gardenchicperu.com/_next/unique6818.png]
[gardenchicperu.com/_next/profuturob2ab.png]
[gardenchicperu.com/_next/04_COTIZA_CON_NOSOTROSf0e0.jpeg]
[gardenchicperu.com/_next/LOGO_GBC_Mesa_trabajo_1f369.png]
[gardenchicperu.com/index.html]
[gardenchicperu.com/imgs/banner/banner__item1.html]
[gardenchicperu.com/_next/static/media/Bold.86c406c1.otf]
[gardenchicperu.com/_next/static/media/Medium.d4f2c71d.otf]
[gardenchicperu.com/_next/static/media/Regular.f5817feb.otf]
[gardenchicperu.com/imgs/banner/bannerproyecto.webp]
[gardenchicperu.com/imgs/banner/bannercontacto.webp]
[gardenchicperu.com/imgs/banner/bg-blog.webp]
[gardenchicperu.com/imgs/banner/bg-tienda.webp]
[gardenchicperu.com/imgs/nosotros/about2.jpg]
[gardenchicperu.com/_next/static/css/7cf9dab3e90c2680.css]
[gardenchicperu.com/_next/static/css/229b771bb45d0064.css]
[gardenchicperu.com/imgs/logos/HORIZONTAL.svg]
[gardenchicperu.com/_next/static/chunks/pages/nosotros-2fab0bbc4a45bb40.js]
[gardenchicperu.com/_next/PLANTASf9b5.png]
[gardenchicperu.com/_next/SERVICIOSc625.png]
[gardenchicperu.com/_next/VIVERO56a3.png]
[gardenchicperu.com/'/imgs/nosotros/header/02_POR_ELEGIRNOS.jpg']
[gardenchicperu.com/'/imgs/nosotros/header/03_NUESTRA_MISION.jpg']
[gardenchicperu.com/nosotros.html]
[gardenchicperu.com/_next/static/chunks/545-4e3449a4976fd6e0.js]
[gardenchicperu.com/_next/static/chunks/pages/servicios-6482eb5efa590b25.js]
[gardenchicperu.com/_next/01_PRINCIPAL4429.jpeg]
[gardenchicperu.com/_next/01_PRINCIPALa048.jpeg]
[gardenchicperu.com/_next/01_PRINCIPAL66b2.jpeg]
[gardenchicperu.com/_next/01_PRINCIPALb41c.jpeg]
[gardenchicperu.com/_next/01_PRINCIPALa503.jpeg]
[gardenchicperu.com/_next/01_PRINCIPALae70.jpeg]
[gardenchicperu.com/_next/01_PRINCIPAL78db.jpeg]
[gardenchicperu.com/servicios.html]
[gardenchicperu.com/_next/static/css/dc81c21aa850c22a.css]
[gardenchicperu.com/_next/static/chunks/893-5428a1223c717187.js]
[gardenchicperu.com/_next/static/chunks/389-aef8a5575a21456c.js]
[gardenchicperu.com/tienda.html]
[gardenchicperu.com/_next/static/chunks/pages/tienda-d8bca2d2046c05d5.js]
[gardenchicperu.com/proyectos.html]
[gardenchicperu.com/_next/static/chunks/pages/proyectos-34871fb6217e734b.js]
[gardenchicperu.com/blogs.html]
[gardenchicperu.com/_next/static/chunks/pages/blogs-07291e2eb947883d.js]
[gardenchicperu.com/_next/static/chunks/pages/contactos-126ac0121509f0a7.js]
[gardenchicperu.com/contactos.html]
[gardenchicperu.com/imgs/nosotros/header/01_BANNER_PRINCIPAL.jpg]
[gardenchicperu.com/_next/static/css/543220d52808e1d9.css]
[gardenchicperu.com/'/imgs/nosotros/header/02_POR_ELEGIRNOS.html]
[gardenchicperu.com/'/imgs/nosotros/header/03_NUESTRA_MISION.html]
[gardenchicperu.com/_next/static/css/dc81c21aa850c22a.css]
